// Jest Snapshot v1, https://goo.gl/fbAQLP

exports[`CardForm should render correctly 1`] = `
ShallowWrapper {
  "length": 1,
  Symbol(enzyme.__root__): [Circular],
  Symbol(enzyme.__unrendered__): <CardForm />,
  Symbol(enzyme.__renderer__): Object {
    "batchedUpdates": [Function],
    "getNode": [Function],
    "render": [Function],
    "simulateEvent": [Function],
    "unmount": [Function],
  },
  Symbol(enzyme.__node__): Object {
    "instance": null,
    "key": undefined,
    "nodeType": "host",
    "props": Object {
      "children": Array [
        <div>
          <label>
            Title: 
          </label>
          <input
            name="title"
            type="text"
          />
        </div>,
        <div>
          <label>
            Question: 
          </label>
          <input
            name="question"
            type="text"
          />
        </div>,
        <div>
          <label>
            Answer: 
          </label>
          <input
            name="answer"
            type="text"
          />
        </div>,
        <input
          type="submit"
        />,
      ],
      "onChange": undefined,
      "onSubmit": undefined,
    },
    "ref": null,
    "rendered": Array [
      Object {
        "instance": null,
        "key": undefined,
        "nodeType": "host",
        "props": Object {
          "children": Array [
            <label>
              Title: 
            </label>,
            <input
              name="title"
              type="text"
            />,
          ],
        },
        "ref": null,
        "rendered": Array [
          Object {
            "instance": null,
            "key": undefined,
            "nodeType": "host",
            "props": Object {
              "children": "Title: ",
            },
            "ref": null,
            "rendered": "Title: ",
            "type": "label",
          },
          Object {
            "instance": null,
            "key": undefined,
            "nodeType": "host",
            "props": Object {
              "name": "title",
              "type": "text",
            },
            "ref": null,
            "rendered": null,
            "type": "input",
          },
        ],
        "type": "div",
      },
      Object {
        "instance": null,
        "key": undefined,
        "nodeType": "host",
        "props": Object {
          "children": Array [
            <label>
              Question: 
            </label>,
            <input
              name="question"
              type="text"
            />,
          ],
        },
        "ref": null,
        "rendered": Array [
          Object {
            "instance": null,
            "key": undefined,
            "nodeType": "host",
            "props": Object {
              "children": "Question: ",
            },
            "ref": null,
            "rendered": "Question: ",
            "type": "label",
          },
          Object {
            "instance": null,
            "key": undefined,
            "nodeType": "host",
            "props": Object {
              "name": "question",
              "type": "text",
            },
            "ref": null,
            "rendered": null,
            "type": "input",
          },
        ],
        "type": "div",
      },
      Object {
        "instance": null,
        "key": undefined,
        "nodeType": "host",
        "props": Object {
          "children": Array [
            <label>
              Answer: 
            </label>,
            <input
              name="answer"
              type="text"
            />,
          ],
        },
        "ref": null,
        "rendered": Array [
          Object {
            "instance": null,
            "key": undefined,
            "nodeType": "host",
            "props": Object {
              "children": "Answer: ",
            },
            "ref": null,
            "rendered": "Answer: ",
            "type": "label",
          },
          Object {
            "instance": null,
            "key": undefined,
            "nodeType": "host",
            "props": Object {
              "name": "answer",
              "type": "text",
            },
            "ref": null,
            "rendered": null,
            "type": "input",
          },
        ],
        "type": "div",
      },
      Object {
        "instance": null,
        "key": undefined,
        "nodeType": "host",
        "props": Object {
          "type": "submit",
        },
        "ref": null,
        "rendered": null,
        "type": "input",
      },
    ],
    "type": "form",
  },
  Symbol(enzyme.__nodes__): Array [
    Object {
      "instance": null,
      "key": undefined,
      "nodeType": "host",
      "props": Object {
        "children": Array [
          <div>
            <label>
              Title: 
            </label>
            <input
              name="title"
              type="text"
            />
          </div>,
          <div>
            <label>
              Question: 
            </label>
            <input
              name="question"
              type="text"
            />
          </div>,
          <div>
            <label>
              Answer: 
            </label>
            <input
              name="answer"
              type="text"
            />
          </div>,
          <input
            type="submit"
          />,
        ],
        "onChange": undefined,
        "onSubmit": undefined,
      },
      "ref": null,
      "rendered": Array [
        Object {
          "instance": null,
          "key": undefined,
          "nodeType": "host",
          "props": Object {
            "children": Array [
              <label>
                Title: 
              </label>,
              <input
                name="title"
                type="text"
              />,
            ],
          },
          "ref": null,
          "rendered": Array [
            Object {
              "instance": null,
              "key": undefined,
              "nodeType": "host",
              "props": Object {
                "children": "Title: ",
              },
              "ref": null,
              "rendered": "Title: ",
              "type": "label",
            },
            Object {
              "instance": null,
              "key": undefined,
              "nodeType": "host",
              "props": Object {
                "name": "title",
                "type": "text",
              },
              "ref": null,
              "rendered": null,
              "type": "input",
            },
          ],
          "type": "div",
        },
        Object {
          "instance": null,
          "key": undefined,
          "nodeType": "host",
          "props": Object {
            "children": Array [
              <label>
                Question: 
              </label>,
              <input
                name="question"
                type="text"
              />,
            ],
          },
          "ref": null,
          "rendered": Array [
            Object {
              "instance": null,
              "key": undefined,
              "nodeType": "host",
              "props": Object {
                "children": "Question: ",
              },
              "ref": null,
              "rendered": "Question: ",
              "type": "label",
            },
            Object {
              "instance": null,
              "key": undefined,
              "nodeType": "host",
              "props": Object {
                "name": "question",
                "type": "text",
              },
              "ref": null,
              "rendered": null,
              "type": "input",
            },
          ],
          "type": "div",
        },
        Object {
          "instance": null,
          "key": undefined,
          "nodeType": "host",
          "props": Object {
            "children": Array [
              <label>
                Answer: 
              </label>,
              <input
                name="answer"
                type="text"
              />,
            ],
          },
          "ref": null,
          "rendered": Array [
            Object {
              "instance": null,
              "key": undefined,
              "nodeType": "host",
              "props": Object {
                "children": "Answer: ",
              },
              "ref": null,
              "rendered": "Answer: ",
              "type": "label",
            },
            Object {
              "instance": null,
              "key": undefined,
              "nodeType": "host",
              "props": Object {
                "name": "answer",
                "type": "text",
              },
              "ref": null,
              "rendered": null,
              "type": "input",
            },
          ],
          "type": "div",
        },
        Object {
          "instance": null,
          "key": undefined,
          "nodeType": "host",
          "props": Object {
            "type": "submit",
          },
          "ref": null,
          "rendered": null,
          "type": "input",
        },
      ],
      "type": "form",
    },
  ],
  Symbol(enzyme.__options__): Object {
    "adapter": ReactSixteenAdapter {
      "options": Object {
        "enableComponentDidUpdateOnSetState": true,
      },
    },
  },
}
`;

exports[`CardForm should render correctly with RTR 1`] = `
<form
  onChange={undefined}
  onSubmit={undefined}
>
  <div>
    <label>
      Title: 
    </label>
    <input
      name="title"
      type="text"
    />
  </div>
  <div>
    <label>
      Question: 
    </label>
    <input
      name="question"
      type="text"
    />
  </div>
  <div>
    <label>
      Answer: 
    </label>
    <input
      name="answer"
      type="text"
    />
  </div>
  <input
    type="submit"
  />
</form>
`;
